Last login: Sun Sep 19 00:31:27 on ttys000

The default interactive shell is now zsh.
To update your account to use zsh, please run `chsh -s /bin/zsh`.
For more details, please visit https://support.apple.com/kb/HT208050.
(base) Leahs-MacBook-Air:~ leah$ mysql -u root -p
Enter password: 
Welcome to the MySQL monitor.  Commands end with ; or \g.
Your MySQL connection id is 14
Server version: 8.0.26 MySQL Community Server - GPL

Copyright (c) 2000, 2021, Oracle and/or its affiliates.

Oracle is a registered trademark of Oracle Corporation and/or its
affiliates. Other names may be trademarks of their respective
owners.

Type 'help;' or '\h' for help. Type '\c' to clear the current input statement.

mysql> create database "whatabook"
    -> ;
ERROR 1064 (42000): You have an error in your SQL syntax; check the manual that corresponds to your MySQL server version for the right syntax to use near '"whatabook"' at line 1
mysql> create database whatabook
    -> ,
    -> ;
ERROR 1064 (42000): You have an error in your SQL syntax; check the manual that corresponds to your MySQL server version for the right syntax to use near ',' at line 2
mysql> create database whatabook;
ERROR 1007 (HY000): Can't create database 'whatabook'; database exists
mysql> create user 'whatabook_user'@'localhost' identified with mysql_native_passw
Query OK, 0 rows affected (0.01 sec)

mysql> create table user ( 
    -> team_id int not null auto_increment,
    -> team_name varchar(75) not null, 
    -> mascot varchar(75) not null, 
    -> primary key(team_id)
    -> );
ERROR 1046 (3D000): No database selected
mysql> cd whatabook
    -> ;
ERROR 1064 (42000): You have an error in your SQL syntax; check the manual that corresponds to your MySQL server version for the right syntax to use near 'cd whatabook' at line 1
mysql> show databases;
+--------------------+
| Database           |
+--------------------+
| information_schema |
| mysql              |
| performance_schema |
| pysports           |
| sys                |
| whatabook          |
+--------------------+
6 rows in set (0.00 sec)

mysql> choose whatabook
    -> ;
ERROR 1064 (42000): You have an error in your SQL syntax; check the manual that corresponds to your MySQL server version for the right syntax to use near 'choose whatabook' at line 1
mysql> database=whatabook
    -> ;
ERROR 1064 (42000): You have an error in your SQL syntax; check the manual that corresponds to your MySQL server version for the right syntax to use near 'database=whatabook' at line 1
mysql> use whatabook
Database changed
mysql> create table user (
    -> user_id 
Display all 758 possibilities? (y or n) 
    -> user_id int not null auto_increment, 
    -> first_name varchar(75) not null
    -> last_name varchar(75) not null, 
    -> primary key(user_id)
    -> );
ERROR 1064 (42000): You have an error in your SQL syntax; check the manual that corresponds to your MySQL server version for the right syntax to use near 'last_name varchar(75) not null, 
primary key(user_id)
)' at line 4
mysql> create table user (
    ->     -> user_id 
    ->     -> user_id int not null auto_increment, 
    ->     -> first_name varchar(75) not null,
    ->     -> last_name varchar(75) not null, 
    ->     -> primary key(user_id)
    ->     -> );
ERROR 1064 (42000): You have an error in your SQL syntax; check the manual that corresponds to your MySQL server version for the right syntax to use near '-> user_id 
    -> user_id int not null auto_increment, 
    -> first_name varch' at line 2
mysql> create table user (
    -> user_id int not null auto_increment,
    -> first_name varchar(75) not null,
    -> last_name varchar(75) not null,
    -> primary key(user_id)
    -> );
Query OK, 0 rows affected (0.03 sec)

mysql> create table wishlist
    -> wishlist_id int not null auto_increment,
    -> user_id int not null auto_increment, 
    -> book_id int not null auto_increment,
    -> primary key(wishlist_id) 
    -> );
ERROR 1064 (42000): You have an error in your SQL syntax; check the manual that corresponds to your MySQL server version for the right syntax to use near 'wishlist_id int not null auto_increment,
user_id int not null auto_increment, 
b' at line 2
mysql>   create table wishlist
    -> wishlist_id int not null auto increment,
    -> user_id int not null auto increment,
    -> book_id int not null auto_increment;
ERROR 1064 (42000): You have an error in your SQL syntax; check the manual that corresponds to your MySQL server version for the right syntax to use near 'wishlist_id int not null auto increment,
user_id int not null auto increment,
bo' at line 2
mysql> create table wishlist
    -> wishlist_id in not null auto_increment, 
    -> user)id int ;
ERROR 1064 (42000): You have an error in your SQL syntax; check the manual that corresponds to your MySQL server version for the right syntax to use near 'wishlist_id in not null auto_increment, 
user)id int' at line 2
mysql> create table withlist
    -> wishlist_id int not null auto_increment,
    -> user_id int not null auto_increment, 
    -> book_id int not null auto_increment, 
    -> primary key (wishlist id),
    -> foreign key (user_id),
    -> foreign key (book_id)
    -> );
ERROR 1064 (42000): You have an error in your SQL syntax; check the manual that corresponds to your MySQL server version for the right syntax to use near 'wishlist_id int not null auto_increment,
user_id int not null auto_increment, 
b' at line 2
mysql> creat table store
    -> store_id int not null 
    -> ;
ERROR 1064 (42000): You have an error in your SQL syntax; check the manual that corresponds to your MySQL server version for the right syntax to use near 'creat table store
store_id int not null' at line 1
mysql> create table store
    -> store_id int not null,
    -> locale varchar(500) not null,
    -> primary key(store_id)
    -> );
ERROR 1064 (42000): You have an error in your SQL syntax; check the manual that corresponds to your MySQL server version for the right syntax to use near 'store_id int not null,
locale varchar(500) not null,
primary key(store_id)
)' at line 2
mysql> create table store
    -> ;
ERROR 4028 (HY000): A table must have at least one visible column.
mysql> create table store (
    -> store_id int not null,
    -> locale varchar(500) not null,
    -> primary key(store_id)
    -> );
Query OK, 0 rows affected (0.02 sec)

mysql> create table wishlist ( 
    -> wishlist_id int not null auto_increment,
    -> user_id int not null auto_increment, 
    -> book_id int not null auto_increment,
    -> primary key)user_id),
    -> foreign key(user_id)
    -> );
ERROR 1064 (42000): You have an error in your SQL syntax; check the manual that corresponds to your MySQL server version for the right syntax to use near ')user_id),
foreign key(user_id)
)' at line 5
mysql> create table wishlist (
    -> wishlist_id int not null auto_increment,
    -> user_id int not null auto_increment, 
    -> book_id int not null auto_increment,
    -> primary key(user_id),
    -> foreign key(book_id)
    -> );
ERROR 1064 (42000): You have an error in your SQL syntax; check the manual that corresponds to your MySQL server version for the right syntax to use near ')' at line 7
mysql> create table wishlist(
    -> wishlist_id int not null auto_increment,
    -> user_id int not null,
    -> book_id int not null,
    -> primary key(wishlist_id),
    -> foreign key(user_id)
    -> );
ERROR 1064 (42000): You have an error in your SQL syntax; check the manual that corresponds to your MySQL server version for the right syntax to use near ')' at line 7
mysql> create table wishlist ( 
    -> wishlist_id in not null auto_increment,
    -> user_id int not null, 
    -> book_id int not null,
    -> primary key(wishlist_id)
    -> );
ERROR 1064 (42000): You have an error in your SQL syntax; check the manual that corresponds to your MySQL server version for the right syntax to use near 'in not null auto_increment,
user_id int not null, 
book_id int not null,
primary' at line 2
mysql> create table wishlist ( 
    -> wishlist_id int not null auto_increment, 
    -> user_id int not null, 
    -> book_id int not null,
    -> primary key(wishlist_id),
    -> constraint fk_book
    -> foreign key(book_id)
    -> references book(book_id), 
    -> constraint fk_user
    -> foreign key(user_id)
    -> references user(user_id)
    -> );
ERROR 1824 (HY000): Failed to open the referenced table 'book'
mysql> create table book ( 
    -> book_id int not null auto_increment,
    -> book_name varchar(200) not null, 
    -> details v varchar(500),
    -> author varchar(200) not null
    -> );
ERROR 1064 (42000): You have an error in your SQL syntax; check the manual that corresponds to your MySQL server version for the right syntax to use near 'v varchar(500),
author varchar(200) not null
)' at line 4
mysql> create table book ( 
    -> book_id int not null auto_increment,
    -> book_name varchar(200) not null,
    -> detailsv varchar(500),
    -> author varchar(200) not null
    -> );
ERROR 1075 (42000): Incorrect table definition; there can be only one auto column and it must be defined as a key
mysql> create table book (
    -> book_id int not null auto_increment,
    -> book_name varchar(200) not null,
    -> detailsv varchar(500),
    -> author varchar(200) not null,
    -> primary key(book_id)
    -> );
Query OK, 0 rows affected (0.03 sec)

mysql> create table wishlist (
    -> wishlist_id int not null auto_increment,
    -> user_id int not null,
    -> book_id int not null,
    -> primary key (wishlist_id),
    -> constraint fk_book foreign key (book_id) references 
    -> book(book_id),
    -> constraint fk_user foreign key (user_id) references 
    -> user(user_id)
    -> );
Query OK, 0 rows affected (0.02 sec)

mysql> insert into store(locale)
    -> values ('1000 Alma Highway, Van Buren Arkansas 72956);
  
mysql> insert into store(locale) 
    -> values('1000 Alma Highway, Van Buren, Arkansas 72956');
ERROR 1364 (HY000): Field 'store_id' doesn't have a default value
mysql> insert into book(book_name, author, details)
    -> values('The Picnic', 'John Hampshire;, 'Independent/Horror');
    '> values('The Picnic', 'John Hampshire', 'Independent/Horror');
    '> ^C
mysql> insert into book(book_name, author, details)
    -> values('The Picnic', 'John Hampshire', 'Independent/Horror');
ERROR 1054 (42S22): Unknown column 'details' in 'field list'
mysql> insert into book(book_name, author, detailsv)
    -> values('The Picnic', 'John Hampshire', 'Independent/Horror');
Query OK, 1 row affected (0.01 sec)

mysql> insert into book(book_name, author, detailsv)
    -> values('Never Saw Me Coming', 'Vera Kurlan', 'Mystery');
Query OK, 1 row affected (0.00 sec)

mysql> insert into book(book_name, author, detailsv)
    -> ('Confessions', 'Kanae Minato', 'Drama');
ERROR 1064 (42000): You have an error in your SQL syntax; check the manual that corresponds to your MySQL server version for the right syntax to use near ''Confessions', 'Kanae Minato', 'Drama')' at line 2
mysql> insert into book(book_name, author, detailsv)
    -> values('Confessions', 'Kanae Minato', 'Drama');
Query OK, 1 row affected (0.01 sec)

mysql> insert into book(book_name, author, detailsv)
    -> values('Deathless,' 'Catherynne M. Valentine', 'Drama')
    -> ;
ERROR 1136 (21S01): Column count doesn't match value count at row 1
mysql> insert into book(book_name, author, detailsv)
    -> values('Deathless,' 'Catherynne M. Valentine', 'Drama');
ERROR 1136 (21S01): Column count doesn't match value count at row 1
mysql> values('Deathless,' 'Catherynne M. Valentine', 'Drama')
    -> insert into book(book_name, author, detailsv)
    -> values('Deathless', 'Catherynne M. Valentine', 'Drama')
    -> ;
ERROR 1064 (42000): You have an error in your SQL syntax; check the manual that corresponds to your MySQL server version for the right syntax to use near '('Deathless,' 'Catherynne M. Valentine', 'Drama')
insert into book(book_name, au' at line 1
mysql> insert into book(book_name, author, detailsv)
    -> values('Deathless', 'Catherynne M. Valentine', 'Drama');
Query OK, 1 row affected (0.01 sec)

mysql> insert into book(book_name, author, detailsv)
    -> values('Dumplin', 'Julie Murphey', 'drama');
Query OK, 1 row affected (0.01 sec)

mysql> insert into book(book_name, author, detailsv)
    -> values( 'Euphoria', 'Lily King', 'Drama');
Query OK, 1 row affected (0.01 sec)

mysql> insert into book(book_name, author, detailsv)
    -> values('Push', 'Sapphire', 'Horror');
Query OK, 1 row affected (0.01 sec)

mysql> insert into book(book_name, author, detailsv)
    -> values('The Man', 'Paul Lunt', 'Non-Fiction');
Query OK, 1 row affected (0.01 sec)

mysql> insert into book(book_name, author, detailsv)
    -> values('Replay', 'Ken Grimwood', 'Romance')
    -> ^C
mysql> insert into book(book_name, author, detailsv)
    -> values('Replay', 'Ken Grimwood', 'Romance');
Query OK, 1 row affected (0.01 sec)

mysql> insert into user(user_id, first_name, last_name)
    -> values ('rroberts', 'Rachel', 'Roberts');
ERROR 1366 (HY000): Incorrect integer value: 'rroberts' for column 'user_id' at row 1
mysql> insert into user(user_id, first_name, last_name)
    -> values('01011989', 'Rachel', 'Roberts');
Query OK, 1 row affected (0.01 sec)

mysql> insert into user(user_id, first_name, last_name)
    -> values('11101993', 'Leah', 'Roberts);
    '> ^C
mysql> insert into user(user_id, first_name, last_name)
    -> values('11101993', 'Leah', 'Roberts');
Query OK, 1 row affected (0.01 sec)

mysql> insert into user(user_id, first_name, last_name)
    -> values('09111999', 'Anna', 'Roberts');
Query OK, 1 row affected (0.02 sec)

mysql> insert into wishlist(user_id, book_id)
    -> values(
    -> (select user_id from user where first_name " Rachel'),
    "> ^C
mysql> insert into wishlist(user_id, book_id)
    -> values (
    -> (select user_id from user where first_name = 'Rachel'),
    -> (select book_id from book where book_name = 'Dumplin')
    -> );
Query OK, 1 row affected (0.01 sec)

mysql> insert into wishlist(user_id, book_id)
    -> values (
    -> (select user_id from user where first_name = 'Leah'),
    -> (select book_id from book where book_name = 'Euphoria')
    -> );
Query OK, 1 row affected (0.01 sec)

mysql> insert into wishlist(user_id, book_id)
    -> values (
    -> (select user_id from user where first_name = 'Anna'),
    -> (select book_id from book where book_name = 'Deathless')
    -> );
Query OK, 1 row affected (0.00 sec)

mysql> 
